// Jest Snapshot v1, https://goo.gl/fbAQLP

exports[`movie details test cases movie detail snapshot test 1`] = `
<div
  className="dhVqPt"
/>
`;
