// Jest Snapshot v1, https://goo.gl/fbAQLP

exports[`navigation test nav snapshot test 1`] = `
<nav
  className="bzUqNu"
>
  <h1
    className="kNcxAv"
  >
    OMDB Search
  </h1>
</nav>
`;
