// Jest Snapshot v1, https://goo.gl/fbAQLP

exports[`search component test the input box in search component 1`] = `
<div
  className="ifSJaK"
>
  <input
    className="iPZaxk"
    onChange={[Function]}
    placeholder="Enter your movie name"
    size="1em"
    type="text"
  />
</div>
`;
